../Core/Src/main.c:79:6:ESP8266_SendCommand	16	static
../Core/Src/main.c:85:6:ESP8266_ReadResponse	16	static
../Core/Src/main.c:106:6:HAL_UART_RxCpltCallback	24	static
../Core/Src/main.c:129:6:showIP_task	32	static
../Core/Src/main.c:221:5:main	16	static
../Core/Src/main.c:270:6:SystemClock_Config	88	static
../Core/Src/main.c:312:13:MX_USART2_UART_Init	8	static
../Core/Src/main.c:345:13:MX_USART3_UART_Init	8	static
../Core/Src/main.c:378:13:MX_USART6_UART_Init	8	static
../Core/Src/main.c:411:13:MX_GPIO_Init	40	static
../Core/Src/main.c:443:6:Error_Handler	4	static,ignoring_inline_asm
